// Jest Snapshot v1, https://goo.gl/fbAQLP

exports[`hello executes as expected 1`] = `
[MockFunction] {
  "calls": Array [
    Array [
      null,
      Object {
        "body": "{\\"message\\":\\"This is a very important test!\\",\\"input\\":{}}",
        "statusCode": 200,
      },
    ],
  ],
}
`;
